
> al-baaqir@0.1.0 build
> next build

⚠ Warning: Next.js inferred your workspace root, but it may not be correct.
 We detected multiple lockfiles and selected the directory of C:\Users\6464m\package-lock.json as the root directory.
 To silence this warning, set `turbopack.root` in your Next.js config, or consider removing one of the lockfiles if it's not needed.
   See https://nextjs.org/docs/app/api-reference/config/next-config-js/turbopack#root-directory for more information.
 Detected additional lockfiles: 
   * C:\Users\6464m\al-baaqir\package-lock.json

▲ Next.js 16.2.10 (Turbopack)

  Creating an optimized production build ...
✓ Compiled successfully in 10.3min
  Running TypeScript ...
Failed to type check.

./app/order-success/page.tsx:24:44
Type error: Argument of type 'string | null' is not assignable to parameter of type 'string'.
  Type 'null' is not assignable to type 'string'.

  [90m22 |[0m     [36masync[0m [36mfunction[0m loadOrder() {
  [90m23 |[0m       setLoading([36mtrue[0m);
[31m[1m>[0m [90m24 |[0m       [36mconst[0m fetched = [36mawait[0m fetchOrderById(orderId);
  [90m   |[0m                                            [31m[1m^[0m
  [90m25 |[0m       [36mif[0m (!fetched) {
  [90m26 |[0m         setError([32m"Order not found."[0m);
  [90m27 |[0m       } [36melse[0m {
Next.js build worker exited with code: 1 and signal: null
