[debug] [2026-08-03T12:57:44.806Z] ----------------------------------------------------------------------
[debug] [2026-08-03T12:57:44.812Z] Command:       C:\Program Files\nodejs\node.exe C:\Users\6464m\AppData\Roaming\npm\node_modules\firebase-tools\lib\bin\firebase.js emulators:start
[debug] [2026-08-03T12:57:44.812Z] CLI Version:   15.25.1
[debug] [2026-08-03T12:57:44.812Z] Platform:      win32
[debug] [2026-08-03T12:57:44.813Z] Node Version:  v24.13.1
[debug] [2026-08-03T12:57:44.813Z] Detected Agent: unknown
[debug] [2026-08-03T12:57:44.813Z] Time:          Mon Aug 03 2026 18:27:44 GMT+0530 (India Standard Time)
[debug] [2026-08-03T12:57:44.813Z] ----------------------------------------------------------------------
[debug] 
[debug] [2026-08-03T12:57:47.241Z] > command requires scopes: ["email","openid","https://www.googleapis.com/auth/cloudplatformprojects.readonly","https://www.googleapis.com/auth/firebase","https://www.googleapis.com/auth/cloud-platform"]
[debug] [2026-08-03T12:57:47.242Z] > authorizing via signed-in user (albaaqir64@gmail.com)
[info] i  emulators: Starting emulators: apphosting {"metadata":{"emulator":{"name":"hub"},"message":"Starting emulators: apphosting"}}
[debug] [2026-08-03T12:57:47.275Z] [logging] Logging Emulator only supports listening on one address (127.0.0.1). Not listening on ::1
[debug] [2026-08-03T12:57:47.276Z] [apphosting] App Hosting Emulator only supports listening on one address (127.0.0.1). Not listening on ::1
[debug] [2026-08-03T12:57:47.276Z] assigned listening specs for emulators {"user":{"hub":[{"address":"127.0.0.1","family":"IPv4","port":4400},{"address":"::1","family":"IPv6","port":4400}],"logging":[{"address":"127.0.0.1","family":"IPv4","port":4500}],"apphosting":[{"address":"127.0.0.1","family":"IPv4","port":5002}]},"metadata":{"message":"assigned listening specs for emulators"}}
[debug] [2026-08-03T12:57:47.290Z] Write emulator hub locator at C:\Users\6464m\AppData\Local\Temp\hub-al-baaqir-store.json
[info] i  apphosting: starting app with: 'npm run dev' {"metadata":{"emulator":{"name":"apphosting"},"message":"starting app with: 'npm run dev'"}}
[debug] [2026-08-03T12:57:47.348Z] Checked if tokens are valid: true, expires at: 1785763334583
[debug] [2026-08-03T12:57:47.348Z] Checked if tokens are valid: true, expires at: 1785763334583
[debug] [2026-08-03T12:57:47.351Z] >>> [apiv2][query] GET https://firebaseapphosting.googleapis.com/v1beta/projects/al-baaqir-store/locations/-/backends 
[debug] [2026-08-03T12:57:49.084Z] <<< [apiv2][status] GET https://firebaseapphosting.googleapis.com/v1beta/projects/al-baaqir-store/locations/-/backends 200
[debug] [2026-08-03T12:57:49.085Z] <<< [apiv2][body] GET https://firebaseapphosting.googleapis.com/v1beta/projects/al-baaqir-store/locations/-/backends {"backends":[{"name":"projects/al-baaqir-store/locations/asia-southeast1/backends/al-baaqir-store","createTime":"2026-08-02T08:27:02.866255241Z","updateTime":"2026-08-03T12:25:28.927357Z","labels":{"deployment-tool":"cli-firebase"},"uri":"al-baaqir-store--al-baaqir-store.asia-southeast1.hosted.app","managedResources":[{"runService":{"service":"projects/806944771261/locations/asia-southeast1/services/al-baaqir-store"}}],"uid":"c26c87f2-6e04-43e1-a09a-c3eb9ad32281","etag":"DspJ5-qNF_WyknZhToVcWA26M3V78CQIko8JBJIhyC0","reconciling":false,"servingLocality":"GLOBAL_ACCESS","serviceAccount":"firebase-app-hosting-compute@al-baaqir-store.iam.gserviceaccount.com","appId":"1:806944771261:web:61a2b9920dbe0b1e17fbd4","runtime":{"value":"nodejs22"}}]}
[debug] [2026-08-03T12:57:49.086Z] Checked if tokens are valid: true, expires at: 1785763334583
[debug] [2026-08-03T12:57:49.086Z] Checked if tokens are valid: true, expires at: 1785763334583
[debug] [2026-08-03T12:57:49.086Z] >>> [apiv2][query] GET https://firebase.googleapis.com/v1beta1/projects/-/webApps/1:806944771261:web:61a2b9920dbe0b1e17fbd4/config [none]
[debug] [2026-08-03T12:57:51.581Z] <<< [apiv2][status] GET https://firebase.googleapis.com/v1beta1/projects/-/webApps/1:806944771261:web:61a2b9920dbe0b1e17fbd4/config 200
[debug] [2026-08-03T12:57:51.582Z] <<< [apiv2][body] GET https://firebase.googleapis.com/v1beta1/projects/-/webApps/1:806944771261:web:61a2b9920dbe0b1e17fbd4/config {"projectId":"al-baaqir-store","appId":"1:806944771261:web:61a2b9920dbe0b1e17fbd4","storageBucket":"al-baaqir-store.firebasestorage.app","apiKey":"AIzaSyD6zHxPXw5YXAVudfk7wMGDjYiglpsE9ww","authDomain":"al-baaqir-store.firebaseapp.com","messagingSenderId":"806944771261","measurementId":"G-N21XQRHFPK","projectNumber":"806944771261","version":"2"}
[warn] !  emulators: The Emulator UI is not starting because none of the running emulators have a UI component. {"metadata":{"emulator":{"name":"hub"},"message":"The Emulator UI is not starting because none of the running emulators have a UI component."}}
[info] i  apphosting: connecting apphosting emulator {"metadata":{"emulator":{"name":"apphosting"},"message":"connecting apphosting emulator"}}
[debug] [2026-08-03T12:58:00.112Z] Could not find VSCode notification endpoint: TypeError: fetch failed. If you are not running the Firebase SQL Connect VSCode extension, this is expected and not an issue.
[info] 
┌─────────────────────────────────────────────────────────────┐
│ ✔  All emulators ready! It is now safe to connect your app. │
└─────────────────────────────────────────────────────────────┘

┌─────────────┬────────────────┐
│ Emulator    │ Host:Port      │
├─────────────┼────────────────┤
│ App Hosting │ localhost:5002 │
└─────────────┴────────────────┘
  Emulator Hub host: 127.0.0.1 port: 4400
  Other reserved ports: 4500

Issues? Report them at https://github.com/firebase/firebase-tools/issues and attach the *-debug.log files.
 
[error] !!  apphosting: failed to start Dev Server: Error: Error: spawn(npm run dev) 
 exited with code: 1 {"metadata":{"emulator":{"name":"apphosting"},"message":"failed to start Dev Server: Error: Error: spawn(npm run dev) \n exited with code: 1"}}
[info] i  apphosting: Dev Server stopped {"metadata":{"emulator":{"name":"apphosting"},"message":"Dev Server stopped"}}
